2026-10-09 14:39:57 | INFO     | ===== ETL JOB STARTED =====
2026-10-09 14:39:57 | INFO     | [1/3] Extracting students.csv...
2026-10-09 14:39:57 | ERROR    | Input file not found: students.csv
2026-10-09 14:39:57 | ERROR    | ETL JOB FAILED: [Errno 2] No such file or directory: 'students.csv'
Traceback (most recent call last):
  File "/home/jazzy/de-101-pipeline/scripts/run_pipeline.py", line 61, in <module>
    df = extract(args.input)
         ^^^^^^^^^^^^^^^^^^^
  File "/home/jazzy/de-101-pipeline/scripts/run_pipeline.py", line 24, in extract
    df = pd.read_csv(input_path)
         ^^^^^^^^^^^^^^^^^^^^^^^
  File "/home/jazzy/.local/lib/python3.12/site-packages/pandas/io/parsers/readers.py", line 872, in read_csv
    return _read(filepath_or_buffer, kwds)
           ^^^^^^^^^^^^^^^^^^^^^^^^^^^^^^^
  File "/home/jazzy/.local/lib/python3.12/site-packages/pandas/io/parsers/readers.py", line 300, in _read
    parser = TextFileReader(filepath_or_buffer, **kwds)
             ^^^^^^^^^^^^^^^^^^^^^^^^^^^^^^^^^^^^^^^^^^
  File "/home/jazzy/.local/lib/python3.12/site-packages/pandas/io/parsers/readers.py", line 1643, in __init__
    self._engine = self._make_engine(f, self.engine)
                   ^^^^^^^^^^^^^^^^^^^^^^^^^^^^^^^^^
  File "/home/jazzy/.local/lib/python3.12/site-packages/pandas/io/parsers/readers.py", line 1907, in _make_engine
    self.handles = get_handle(
                   ^^^^^^^^^^^
  File "/home/jazzy/.local/lib/python3.12/site-packages/pandas/io/common.py", line 930, in get_handle
    handle = open(
             ^^^^^
FileNotFoundError: [Errno 2] No such file or directory: 'students.csv'
2026-10-09 14:40:46 | INFO     | ===== ETL JOB STARTED =====
2026-10-09 14:40:46 | INFO     | [1/3] Extracting /mnt/c/Users/jazzy/.../students.csv...
2026-10-09 14:40:46 | ERROR    | Input file not found: /mnt/c/Users/jazzy/.../students.csv
2026-10-09 14:40:46 | ERROR    | ETL JOB FAILED: [Errno 2] No such file or directory: '/mnt/c/Users/jazzy/.../students.csv'
Traceback (most recent call last):
  File "/home/jazzy/de-101-pipeline/scripts/run_pipeline.py", line 61, in <module>
    df = extract(args.input)
         ^^^^^^^^^^^^^^^^^^^
  File "/home/jazzy/de-101-pipeline/scripts/run_pipeline.py", line 24, in extract
    df = pd.read_csv(input_path)
         ^^^^^^^^^^^^^^^^^^^^^^^
  File "/home/jazzy/.local/lib/python3.12/site-packages/pandas/io/parsers/readers.py", line 872, in read_csv
    return _read(filepath_or_buffer, kwds)
           ^^^^^^^^^^^^^^^^^^^^^^^^^^^^^^^
  File "/home/jazzy/.local/lib/python3.12/site-packages/pandas/io/parsers/readers.py", line 300, in _read
    parser = TextFileReader(filepath_or_buffer, **kwds)
             ^^^^^^^^^^^^^^^^^^^^^^^^^^^^^^^^^^^^^^^^^^
  File "/home/jazzy/.local/lib/python3.12/site-packages/pandas/io/parsers/readers.py", line 1643, in __init__
    self._engine = self._make_engine(f, self.engine)
                   ^^^^^^^^^^^^^^^^^^^^^^^^^^^^^^^^^
  File "/home/jazzy/.local/lib/python3.12/site-packages/pandas/io/parsers/readers.py", line 1907, in _make_engine
    self.handles = get_handle(
                   ^^^^^^^^^^^
  File "/home/jazzy/.local/lib/python3.12/site-packages/pandas/io/common.py", line 930, in get_handle
    handle = open(
             ^^^^^
FileNotFoundError: [Errno 2] No such file or directory: '/mnt/c/Users/jazzy/.../students.csv'
2026-10-09 14:40:58 | INFO     | ===== ETL JOB STARTED =====
2026-10-09 14:40:58 | INFO     | [1/3] Extracting students.csv...
2026-10-09 14:40:58 | INFO     | Extracted 2 rows from students.csv
2026-10-09 14:40:58 | INFO     | [2/3] Cleaning...
2026-10-09 14:40:58 | INFO     | Found 0 null values
2026-10-09 14:40:58 | INFO     | Cleaned: 2 -> 2 rows (dropped 0)
2026-10-09 14:40:58 | INFO     | [3/3] Loading to data/processed/clean_students.csv...
2026-10-09 14:40:58 | INFO     | Successfully saved 2 rows to data/processed/clean_students.csv
2026-10-09 14:40:58 | INFO     | ===== ETL JOB COMPLETED SUCCESSFULLY =====
